=== Prolog Test Execution Log ===

Return code: 0

=== STDOUT ===
=== INDIVIDUAL TEST CASE ANALYSIS ===
Total cases to test: 26

s152_c_1_E_pos: PASS (result: true, expected: true)
s152_d_2_F_pos: FAIL (result: false, expected: true)
s1_a_1_iii_neg: PASS (result: false, expected: false)
s1_a_1_pos: PASS (result: true, expected: true)
s1_b_iii_neg: PASS (result: false, expected: false)
s1_c_i_neg: PASS (result: false, expected: false)
s1_c_iv_pos: PASS (result: true, expected: true)
s1_d_iv_neg: PASS (result: false, expected: false)
s2_a_2_B_pos: PASS (result: true, expected: true)
s3306_a_1_neg: FAIL (result: true, expected: false)
s3306_b_10_A_neg: FAIL (result: true, expected: false)
s3306_b_7_neg: PASS (result: false, expected: false)
s3306_b_pos: FAIL (result: false, expected: true)
s3306_c_5_pos: PASS (result: true, expected: true)
s63_c_2_B_neg: PASS (result: false, expected: false)
s63_c_3_pos: FAIL (result: NO_RESULT, expected: N/A)
s68_b_1_A_neg: PASS (result: false, expected: false)
s7703_b_1_pos: FAIL (result: NO_RESULT, expected: N/A)
tax_case_13: PASS (result: 8710, expected: 8710.0)
tax_case_26: PASS (result: 196056, expected: 196056.0)
tax_case_40: FAIL (result: NO_RESULT, expected: N/A)
tax_case_61: PASS (result: 25055, expected: 25055.0)
tax_case_63: PASS (result: 20298, expected: 20298.0)
tax_case_70: PASS (result: 178147, expected: 178147.0)
tax_case_79: PASS (result: 17402, expected: 17402.0)
tax_case_89: PASS (result: 0, expected: 0.0)

=== SUMMARY ===
PASSED: 19
FAILED: 7
SUCCESS RATE: 19/26 (73.1%)

PASSED CASES:
  s152_c_1_E_pos
  s1_a_1_iii_neg
  s1_a_1_pos
  s1_b_iii_neg
  s1_c_i_neg
  s1_c_iv_pos
  s1_d_iv_neg
  s2_a_2_B_pos
  s3306_b_7_neg
  s3306_c_5_pos
  s63_c_2_B_neg
  s68_b_1_A_neg
  tax_case_13
  tax_case_26
  tax_case_61
  tax_case_63
  tax_case_70
  tax_case_79
  tax_case_89

FAILED CASES:
  s152_d_2_F_pos
  s3306_a_1_neg
  s3306_b_10_A_neg
  s3306_b_pos
  s63_c_3_pos
  s7703_b_1_pos
  tax_case_40

=== STDERR ===
